$ bun run scripts/compat-check.ts
COMPATIBLE   S-01  biome                      115 ms
             - biome lint via `bun --bun` mendeteksi noExplicitAny & noDoubleEquals, exit ≠ 0
WORKAROUND   S-02  hono                       24014 ms
             - routing + middleware OK
             - SSE streaming inkremental OK (event pertama 0 ms, 3 event)
             - GOTCHA: Bun.serve default idleTimeout (10 s) MEMUTUS SSE yang diam 12 s (dapat 1/2 event). API_SPEC heartbeat 25 s → wajib Bun.serve({ idleTimeout: 0 }) untuk route SSE atau heartbeat < 10 s.
             - workaround Bun.serve({ idleTimeout: 0 }) terbukti: 2/2 event
COMPATIBLE   S-02  zod                        13 ms
             - safeParse/default/issue path OK
             - z.toJSONSchema → https://json-schema.org/draft/2020-12/schema (kontrak packages/contracts bisa digenerate tanpa lib tambahan)
COMPATIBLE   S-02  jose                       14 ms
             - EdDSA: sign/verify/tamper-reject OK
             - ES256: sign/verify/tamper-reject OK
COMPATIBLE   S-08  bun-builtins               198 ms
             - Bun.password argon2id OK (m=19456 KiB, t=2: 43 ms/hash di host spike)
             - Bun.randomUUIDv7: 20k unik, terurut monoton dalam proses
COMPATIBLE   S-03  bullmq                     4504 ms
             - jobId dengan ':' → DITOLAK ("Custom Id cannot contain :") → format jobId v0.4: run.{id}.attempt.{n}
             - enqueue/consume + jobId idempotency OK (enqueue ganda diabaikan)
             - delay 1500 ms → diproses setelah 1526 ms
             - retry attempts=3 backoff fixed: sukses di panggilan ke-3 (attemptsMade=2)
             - priority: urutan 1→3→5 OK
             - stalled: worker di-SIGKILL saat job aktif → job diproses ulang worker lain setelah 2010 ms (lockDuration 2 s)
             - ioredis SCRIPT LOAD + EVALSHA token bucket OK
             - Bun.RedisClient SET NX EX (dedupe seen:*) OK
COMPATIBLE   S-04  bullmq-interop-py          1308 ms
             - TS enqueue → Python Worker consume → returnvalue kembali ke TS (waitUntilFinished) OK
             - Python enqueue (jobId=py-1, attempts=2) → TS Worker consume OK
UNTESTED     S-05  keda-bullmq-scaler         0 ms
             - BLOCKED: host tanpa Docker/Kubernetes. Hanya relevan untuk profil Kubernetes (DEPLOYMENT §4); profil MVP single-node tidak butuh KEDA.
COMPATIBLE   S-06  opentelemetry              49 ms
             - AsyncLocalStorageContextManager: konteks span bertahan melewati setTimeout/await
             - inject/extract traceparent W3C OK (00-b53697666e3345b77b6bf862286fbf3a-482092e67a299762-01)
             - OTLP/HTTP protobuf exporter → collector lokal: 2 request, span & resource terkirim
[2026-09-28T02:01:59.621Z][ERROR][@clickhouse/client][Connection] Command: HTTP request error. 
Arguments: {
  operation: "Command",
  connection_id: "ad9416fe-206f-488e-95d5-041aba64753d",
  query_id: "e95e929a-3117-47c7-9e6e-927139ead613",
  with_abort_signal: false,
  session_id: undefined,
  clickhouse_settings: {},
} 
Caused by: 37 |     const inputIsError = input instanceof Error;
38 |     const message = inputIsError ? input.message : input;
39 |     const match = message.match(errorRe);
40 |     const groups = match?.groups;
41 |     if (groups) {
42 |         return new ClickHouseError(groups);
                        ^
error: Sorting key contains nullable columns, but merge tree setting `allow_nullable_key` is disabled. 
 type: "ILLEGAL_COLUMN",
 code: "44"

      at parseError (/home/ubuntu/social-intel/node_modules/.bun/@clickhouse+client@1.23.1/node_modules/@clickhouse/client/dist/common/error/error.js:42:20)
      at /home/ubuntu/social-intel/node_modules/.bun/@clickhouse+client@1.23.1/node_modules/@clickhouse/client/dist/connection/socket_pool.js:239:80
      at processTicksAndRejections (native:7:39)

COMPATIBLE   S-07  clickhouse                 1332 ms
             - ClickHouse 26.10.1.832, @clickhouse/client di Bun: query/insert JSONEachRow OK
             - DDL subset DATA_MODEL §6 (events, agg_topic_1h, topic_matches, agg_author_1d, media_items + MV) terbuat
             - override sentiment via pasangan sign -1/+1 → agregat benar tanpa UPDATE; engagement_known_posts memisahkan 'tidak diketahui' dari 0
             - topic_matches (ReplacingMergeTree, MV sign=1) + FINAL → 1 baris label terbaru
             - server default async_insert=1, async_insert_deduplicate=0
             - insert_deduplication_token, batch berbeda isi tapi token sama 2×: default server → 1 baris; async_insert=0 → 1 baris; async_insert=1+async_insert_deduplicate=1 → 1 baris
             - tanpa SETTING non_replicated_deduplication_window: token sama 2× → 2 baris (token DIABAIKAN — setting tabel WAJIB untuk MergeTree non-replicated)
             - token dedup berlaku di default server; tetap set eksplisit di worker-sink agar tidak bergantung default versi
             - BUKTI bug v0.3: SummingMergeTree menjumlahkan followers (1000+1100=2100) saat merge; fix v0.4 AggregatingMergeTree+SimpleAggregateFunction(anyLast) = 1100
             - media_items via MV ARRAY JOIN kolom media (kolom baru v0.4) → 2 baris/post; tanpa kolom ini MV tidak bisa dibuat
             - ORDER BY kolom Nullable ditolak: "Sorting key contains nullable columns, but merge tree setting `allow_nullable_key` is disabled. " → agregat geo memakai '' = unknown (C16)
WORKAROUND   S-08  postgres-drizzle-rls       437 ms
             - FK ke tabel partisi wajib menyertakan kolom partisi: FK (id) ditolak ("there is no unique constraint matching given keys for referenced table…"); FK (id, scheduled_for) OK
             - `SET LOCAL app.tenant_id = $1` DITOLAK Postgres ("syntax error at or near "$1"") → pakai `SELECT set_config('app.tenant_id', $1, true)` (efek sama, transaction-scoped)
             - drizzle(postgres-js) transaksi + set_config(local) + RLS: tenant A hanya melihat datanya
             - GOTCHA koneksi pool: query di luar transaksi setelah set_config lokal → ERROR "invalid input syntax for type uuid: """ — policy naif `current_setting(...)::uuid` gagal karena nilai kembali '' (bukan NULL)
             - fix: `nullif(current_setting('app.tenant_id', true), '')::uuid` → tanpa konteks tenant = 0 baris (default deny), bukan error
             - Bun.SQL builtin (begin + set_config + RLS) OK; drizzle-orm/bun-sql transaksi OK
             - Status WORKAROUND karena dua pola di DATA_MODEL/SECURITY harus diganti (set_config & nullif) — keduanya perilaku Postgres, bukan Bun.
COMPATIBLE   S-08  drizzle-kit                970 ms
             - drizzle-kit generate + migrate via `bun --bun` OK (0000_certain_flatman.sql, enum e_ + timestamptz)
COMPATIBLE   S-08  bun-s3                     57 ms
             - put/get/exists/size OK (48 byte gzip)
             - presign GET (dipakai export download_url) OK
             - delete OK
             - CATATAN: MinIO open-source DIARSIPKAN (dl.min.io → 410 'no longer maintained, no security updates'); spike memakai versitygw 1.8.0. DEPLOYMENT diperbarui.
COMPATIBLE   S-08  vite-build                 687 ms
             - vite build dijalankan dengan `bun --bun` (runtime Bun, bukan Node): 1 asset, 685 ms
COMPATIBLE   S-08  playwright                 1573 ms
             - Playwright library dijalankan DI RUNTIME BUN: launch chromium-headless-shell, goto, click, textContent OK
             - library sistem Chromium lengkap (install-deps sudah dijalankan) — tanpa workaround
COMPATIBLE   S-09  webcrypto-aesgcm-python    607 ms
             - Bun encrypt → Python decrypt OK (format ciphertext||tag identik)
             - Python encrypt → Bun decrypt OK
             - ciphertext diubah 1 byte → ditolak Bun & Python (SEC-03)
             - AAD tenant lain → ditolak Bun & Python (SEC-04)
             - envelope (DEK dibungkus KEK, adapter local-dev) Bun → Python OK
             - Vault transit wrap/unwrap DEK OK (vault:v1:…) via fetch Bun

→ /home/ubuntu/social-intel/scripts/../docs/evidence/compat/results.md
warn: Bun.serve() timed out a request after 10 seconds. Pass `idleTimeout` to configure.
